###############################################################################
#
# IAR ELF Linker V7.10.1.6676/W32 for ARM                 02/Nov/2016  14:13:21
# Copyright 2007-2014 IAR Systems AB.
#
#    Output file  =  G:\car\code\mk60\Prj\IAR\FX15_Debug\Exe\vcan_Kinetis.out
#    Map file     =  G:\car\code\mk60\Prj\IAR\FX15_Debug\List\vcan_Kinetis.map
#    Command line =  
#        G:\car\code\mk60\Prj\IAR\FX15_Debug\Obj\diskio.o
#        G:\car\code\mk60\Prj\IAR\FX15_Debug\Obj\ff.o
#        G:\car\code\mk60\Prj\IAR\FX15_Debug\Obj\main.o
#        G:\car\code\mk60\Prj\IAR\FX15_Debug\Obj\misc.o
#        G:\car\code\mk60\Prj\IAR\FX15_Debug\Obj\MK60_adc.o
#        G:\car\code\mk60\Prj\IAR\FX15_Debug\Obj\MK60_can.o
#        G:\car\code\mk60\Prj\IAR\FX15_Debug\Obj\MK60_conf.o
#        G:\car\code\mk60\Prj\IAR\FX15_Debug\Obj\MK60_dac.o
#        G:\car\code\mk60\Prj\IAR\FX15_Debug\Obj\MK60_dma.o
#        G:\car\code\mk60\Prj\IAR\FX15_Debug\Obj\MK60_DWT.o
#        G:\car\code\mk60\Prj\IAR\FX15_Debug\Obj\MK60_flash.o
#        G:\car\code\mk60\Prj\IAR\FX15_Debug\Obj\MK60_flexbus.o
#        G:\car\code\mk60\Prj\IAR\FX15_Debug\Obj\MK60_ftm.o
#        G:\car\code\mk60\Prj\IAR\FX15_Debug\Obj\MK60_gpio.o
#        G:\car\code\mk60\Prj\IAR\FX15_Debug\Obj\MK60_i2c.o
#        G:\car\code\mk60\Prj\IAR\FX15_Debug\Obj\MK60_it.o
#        G:\car\code\mk60\Prj\IAR\FX15_Debug\Obj\MK60_lptmr.o
#        G:\car\code\mk60\Prj\IAR\FX15_Debug\Obj\MK60_mcg.o
#        G:\car\code\mk60\Prj\IAR\FX15_Debug\Obj\MK60_OLED.o
#        G:\car\code\mk60\Prj\IAR\FX15_Debug\Obj\MK60_PIT.o
#        G:\car\code\mk60\Prj\IAR\FX15_Debug\Obj\MK60_port.o
#        G:\car\code\mk60\Prj\IAR\FX15_Debug\Obj\MK60_rtc.o
#        G:\car\code\mk60\Prj\IAR\FX15_Debug\Obj\MK60_sdhc.o
#        G:\car\code\mk60\Prj\IAR\FX15_Debug\Obj\MK60_spi.o
#        G:\car\code\mk60\Prj\IAR\FX15_Debug\Obj\MK60_SysTick.o
#        G:\car\code\mk60\Prj\IAR\FX15_Debug\Obj\MK60_uart.o
#        G:\car\code\mk60\Prj\IAR\FX15_Debug\Obj\MK60_usb.o
#        G:\car\code\mk60\Prj\IAR\FX15_Debug\Obj\MK60_wdog.o
#        G:\car\code\mk60\Prj\IAR\FX15_Debug\Obj\startup_MK60DZ10.o
#        G:\car\code\mk60\Prj\IAR\FX15_Debug\Obj\system_MK60DZ10.o
#        G:\car\code\mk60\Prj\IAR\FX15_Debug\Obj\USB.o
#        G:\car\code\mk60\Prj\IAR\FX15_Debug\Obj\USB_CDC.o
#        G:\car\code\mk60\Prj\IAR\FX15_Debug\Obj\VCAN_ASCII.o
#        G:\car\code\mk60\Prj\IAR\FX15_Debug\Obj\VCAN_BMP.o
#        G:\car\code\mk60\Prj\IAR\FX15_Debug\Obj\vcan_img2sd.o
#        G:\car\code\mk60\Prj\IAR\FX15_Debug\Obj\VCAN_key.o
#        G:\car\code\mk60\Prj\IAR\FX15_Debug\Obj\VCAN_key_event.o
#        G:\car\code\mk60\Prj\IAR\FX15_Debug\Obj\VCAN_LCD.o
#        G:\car\code\mk60\Prj\IAR\FX15_Debug\Obj\VCAN_LCD_CH.o
#        G:\car\code\mk60\Prj\IAR\FX15_Debug\Obj\VCAN_LCD_ILI9341.o
#        G:\car\code\mk60\Prj\IAR\FX15_Debug\Obj\VCAN_LCD_ST7735R.o
#        G:\car\code\mk60\Prj\IAR\FX15_Debug\Obj\VCAN_LCD_ST7735S.o
#        G:\car\code\mk60\Prj\IAR\FX15_Debug\Obj\VCAN_LED.o
#        G:\car\code\mk60\Prj\IAR\FX15_Debug\Obj\VCAN_MMA7455.o
#        G:\car\code\mk60\Prj\IAR\FX15_Debug\Obj\VCAN_NRF24L0.o
#        G:\car\code\mk60\Prj\IAR\FX15_Debug\Obj\VCAN_NRF24L0_MSG.o
#        G:\car\code\mk60\Prj\IAR\FX15_Debug\Obj\VCAN_OV7725_Eagle.o
#        G:\car\code\mk60\Prj\IAR\FX15_Debug\Obj\VCAN_OV7725_Wolf.o
#        G:\car\code\mk60\Prj\IAR\FX15_Debug\Obj\VCAN_RTC_count.o
#        G:\car\code\mk60\Prj\IAR\FX15_Debug\Obj\VCAN_SCCB.o
#        G:\car\code\mk60\Prj\IAR\FX15_Debug\Obj\vcan_sd_app.o
#        G:\car\code\mk60\Prj\IAR\FX15_Debug\Obj\Vcan_touch.o
#        G:\car\code\mk60\Prj\IAR\FX15_Debug\Obj\VCAN_TSL1401.o
#        G:\car\code\mk60\Prj\IAR\FX15_Debug\Obj\VCAN_UI_VAR.o
#        G:\car\code\mk60\Prj\IAR\FX15_Debug\Obj\vectors.o --redirect
#        _Printf=_PrintfLargeNoMb --redirect _Scanf=_ScanfLargeNoMb -o
#        G:\car\code\mk60\Prj\IAR\FX15_Debug\Exe\vcan_Kinetis.out --map
#        G:\car\code\mk60\Prj\IAR\FX15_Debug\List\vcan_Kinetis.map --config
#        "G:\car\code\mk60\Prj\IAR\config files\vcan_ROM_K60X512.icf"
#        G:\car\code\mk60\Prj\IAR\..\..\Lib\CMSIS\iar_cortexM4l_math.a --entry
#        __iar_program_start --redirect __write=__write_buffered --vfe
#
###############################################################################

*******************************************************************************
*** RUNTIME MODEL ATTRIBUTES
***

CppFlavor       = *
__SystemLibrary = DLib


*******************************************************************************
*** PLACEMENT SUMMARY
***

"A1":  place at 0x00000000 { ro section .intvec };
"A2":  place at 0x00000410 { ro section .noinit };
"P1":  place in [from 0x00000000 to 0x00080000] |
                [from 0x10000000 to 0x1007ffff] { ro, block CodeRelocate };
"P2":  place in [from 0x1fff0410 to 0x20010000] {
          rw, block CodeRelocateRam, block CSTACK, block HEAP };

  Section              Kind        Address    Size  Object
  -------              ----        -------    ----  ------
"A1":                                        0x410
  .intvec              const    0x00000000   0x410  vectors.o [1]
                              - 0x00000410   0x410

"P1", part 1 of 2:                             0x0
  .rodata              const    0x00000410     0x0  zero_init3.o [5]

"A2":                                          0x8
  .noinit              ro code  0x00000410     0x8  startup_MK60DZ10.o [1]
                              - 0x00000418     0x8

"P1", part 2 of 2:                          0x6378
  .text                ro code  0x00000418   0xbe2  xprintflarge_nomb.o [3]
  .text                ro code  0x00000ffa    0x22  zero_init3.o [5]
  .text                ro code  0x0000101c    0x16  strchr.o [5]
  .text                ro code  0x00001034    0x36  strlen.o [5]
  .text                ro code  0x0000106c    0x58  memchr.o [5]
  .text                ro code  0x000010c4    0xee  I64DivMod.o [5]
  .text                ro code  0x000011b4    0x76  ABImemcpy_unaligned.o [5]
  .text                ro code  0x0000122a    0x42  xdnorm.o [4]
  .text                ro code  0x0000126c    0x2e  DblCmpLe.o [4]
  .text                ro code  0x0000129c   0x1a2  DblMul.o [4]
  .text                ro code  0x00001440   0x246  DblDiv.o [4]
  .text                ro code  0x00001688    0x2c  DblToI32.o [4]
  .text                ro code  0x000016b4    0x1c  I32ToDbl.o [4]
  .text                ro code  0x000016d0   0x180  DblSub.o [4]
  .text                ro code  0x00001850    0x6c  localeconv.o [3]
  .text                ro code  0x000018bc     0xe  div.o [3]
  .text                ro code  0x000018cc     0x2  I64DivZer.o [5]
  .text                ro code  0x000018d0    0xd4  DblAdd.o [4]
  .text                ro code  0x000019a4     0x2  xtls.o [3]
  .data_init                    0x000019a8   0x930  <Block>
    Initializer bytes  ro data  0x000019a8   0x930  <for .data-1>
  .text                ro code  0x000022d8   0x66c  MK60_spi.o [1]
  .text                ro code  0x00002944    0xb0  MK60_port.o [1]
  Veneer               ro code  0x000029f4     0x8  - Linker created -
  Veneer               ro code  0x000029fc     0x8  - Linker created -
  .text                ro code  0x00002a04   0x140  MK60_conf.o [1]
  .text                ro code  0x00002b44     0x8  abs.o [3]
  .text                ro code  0x00002b4c    0xac  VCAN_LED.o [1]
  .text                ro code  0x00002bf8    0x24  printf.o [3]
  .text                ro code  0x00002c1c    0x64  MK60_SysTick.o [1]
  .text                ro code  0x00002c80   0x260  MK60_uart.o [1]
  .text                ro code  0x00002ee0   0x220  VCAN_key.o [1]
  .text                ro code  0x00003100   0x19c  MK60_gpio.o [1]
  .rodata              const    0x0000329c   0x600  VCAN_ASCII.o [1]
  .text                ro code  0x0000389c   0x5d4  VCAN_UI_VAR.o [1]
  .text                ro code  0x00003e70   0x2b0  VCAN_LCD.o [1]
  .text                ro code  0x00004120   0x180  VCAN_NRF24L0_MSG.o [1]
  .text                ro code  0x000042a0   0x558  VCAN_NRF24L0.o [1]
  .text                ro code  0x000047f8   0x5b4  VCAN_LCD_ILI9341.o [1]
  .text                ro code  0x00004dac    0xcc  misc.o [1]
  .text                ro code  0x00004e78   0x114  MK60_flexbus.o [1]
  Veneer               ro code  0x00004f8c     0x8  - Linker created -
  .text                ro code  0x00004f94   0x3d4  MK60_mcg.o [1]
  .text                ro code  0x00005368   0x362  VCAN_SCCB.o [1]
  .text                ro code  0x000056cc   0x284  MK60_dma.o [1]
  .text                ro code  0x00005950   0x264  main.o [1]
  .text                ro code  0x00005bb4   0x138  VCAN_key_event.o [1]
  .text                ro code  0x00005cec    0x7c  MK60_PIT.o [1]
  .text                ro code  0x00005d68   0x234  VCAN_OV7725_Eagle.o [1]
  CodeRelocate                  0x00005f9c   0x1f0  <Block>
    Initializer bytes  ro data  0x00005f9c   0x1f0  <for CodeRelocateRam-1>
  .text                ro code  0x0000618c   0x130  system_MK60DZ10.o [1]
  .text                ro code  0x000062bc    0x40  MK60_wdog.o [1]
  .rodata              const    0x000062fc    0x40  MK60_spi.o [1]
  .rodata              const    0x0000633c    0x3c  MK60_conf.o [1]
  .rodata              const    0x00006378    0x30  VCAN_NRF24L0_MSG.o [1]
  .rodata              const    0x000063a8    0x2c  MK60_SysTick.o [1]
  .rodata              const    0x000063d4    0x2c  VCAN_UI_VAR.o [1]
  .rodata              const    0x00006400    0x28  MK60_dma.o [1]
  .rodata              const    0x00006428    0x28  MK60_flash.o [1]
  .rodata              const    0x00006450    0x28  MK60_gpio.o [1]
  .rodata              const    0x00006478    0x28  MK60_PIT.o [1]
  .rodata              const    0x000064a0    0x28  MK60_spi.o [1]
  .rodata              const    0x000064c8    0x28  MK60_uart.o [1]
  .text                ro code  0x000064f0    0x28  data_init.o [5]
  .rodata              const    0x00006518    0x24  misc.o [1]
  .rodata              const    0x0000653c    0x24  MK60_conf.o [1]
  .rodata              const    0x00006560    0x24  VCAN_OV7725_Eagle.o [1]
  .rodata              const    0x00006584    0x24  VCAN_OV7725_Eagle.o [1]
  .iar.init_table      const    0x000065a8    0x10  - Linker created -
  .rodata              const    0x000065b8    0x20  MK60_conf.o [1]
  .rodata              const    0x000065d8    0x20  VCAN_OV7725_Eagle.o [1]
  .text                ro code  0x000065f8    0x1a  fpinit_M.o [4]
  .text                ro code  0x00006614    0x1a  cmain.o [5]
  .text                ro code  0x0000662e     0x4  low_level_init.o [3]
  .text                ro code  0x00006632     0x4  exit.o [3]
  .text                ro code  0x00006638     0xa  cexit.o [5]
  .text                ro code  0x00006644     0xc  XXexit.o [5]
  .rodata              const    0x00006650    0x18  VCAN_OV7725_Eagle.o [1]
  .rodata              const    0x00006668    0x18  VCAN_OV7725_Eagle.o [1]
  .text                ro code  0x00006680    0x16  xprout.o [3]
  .text                ro code  0x00006698     0xc  putchar.o [3]
  .rodata              const    0x000066a4    0x14  MK60_conf.o [1]
  .rodata              const    0x000066b8    0x14  VCAN_OV7725_Eagle.o [1]
  .rodata              const    0x000066cc    0x10  VCAN_NRF24L0_MSG.o [1]
  .text                ro code  0x000066dc     0xc  cstartup_M.o [5]
  .rodata              const    0x000066e8     0x8  VCAN_NRF24L0.o [1]
  .rodata              const    0x000066f0     0x4  main.o [1]
  .rodata              const    0x000066f4     0x4  main.o [1]
  .rodata              const    0x000066f8     0x4  main.o [1]
  .rodata              const    0x000066fc     0x4  MK60_spi.o [1]
  .rodata              const    0x00006700     0x4  VCAN_LCD.o [1]
  .rodata              const    0x00006704     0x4  VCAN_LCD.o [1]
  Initializer bytes    ro data  0x00006708    0x88  <for P2 s0>
                              - 0x00006790  0x6378

"P2", part 1 of 3:                           0xb20
  .data                         0x1fff0410   0x930  <Block>
    .data-1                     0x1fff0410   0x930  <Init block>
      .data            inited   0x1fff0410     0x4  main.o [1]
      .data            inited   0x1fff0414     0x1  main.o [1]
      .data            inited   0x1fff0418   0x708  MK60_conf.o [1]
      .data            inited   0x1fff0b20    0x14  MK60_gpio.o [1]
      .data            inited   0x1fff0b34    0x58  MK60_mcg.o [1]
      .data            inited   0x1fff0b8c     0x4  MK60_mcg.o [1]
      .data            inited   0x1fff0b90    0x14  MK60_port.o [1]
      .data            inited   0x1fff0ba4     0xc  MK60_spi.o [1]
      .data            inited   0x1fff0bb0    0x18  MK60_uart.o [1]
      .data            inited   0x1fff0bc8     0x8  VCAN_key.o [1]
      .data            inited   0x1fff0bd0     0x2  VCAN_LCD_ILI9341.o [1]
      .data            inited   0x1fff0bd2     0x2  VCAN_LCD_ILI9341.o [1]
      .data            inited   0x1fff0bd4     0x1  VCAN_LCD_ILI9341.o [1]
      .data            inited   0x1fff0bd8     0x4  VCAN_LED.o [1]
      .data            inited   0x1fff0bdc     0x8  VCAN_NRF24L0.o [1]
      .data            inited   0x1fff0be4     0x8  VCAN_NRF24L0.o [1]
      .data            inited   0x1fff0bec     0x1  VCAN_OV7725_Eagle.o [1]
      .data            inited   0x1fff0bf0    0x64  VCAN_OV7725_Eagle.o [1]
      .data            inited   0x1fff0c54     0x1  VCAN_OV7725_Eagle.o [1]
      .data            inited   0x1fff0c58    0x1c  VCAN_UI_VAR.o [1]
      .data            inited   0x1fff0c74    0x8c  VCAN_UI_VAR.o [1]
      .data            inited   0x1fff0d00    0x40  xfiles.o [3]
  CodeRelocateRam               0x1fff0d40   0x1f0  <Block>
    CodeRelocateRam-1           0x1fff0d40   0x1f0  <Init block>
      Veneer           inited   0x1fff0d40     0x8  - Linker created -
      Veneer           inited   0x1fff0d48     0x8  - Linker created -
      .textrw          inited   0x1fff0d50   0x190  MK60_flash.o [1]
      .textrw          inited   0x1fff0ee0    0x50  MK60_mcg.o [1]
                              - 0x1fff0f30   0xb20

"P2", part 2 of 3:                           0xfbc
  .bss                          0x1fff0f30   0xfbb  <Block>
    .bss               zero     0x1fff0f30   0x27c  main.o [1]
    .bss               zero     0x1fff11ac   0x27c  main.o [1]
    .bss               zero     0x1fff1428     0x4  main.o [1]
    .bss               zero     0x1fff142c     0x4  main.o [1]
    .bss               zero     0x1fff1430     0x4  system_MK60DZ10.o [1]
    .bss               zero     0x1fff1434     0x4  system_MK60DZ10.o [1]
    .bss               zero     0x1fff1438     0x4  system_MK60DZ10.o [1]
    .bss               zero     0x1fff143c    0x28  VCAN_key.o [1]
    .bss               zero     0x1fff1464     0x8  VCAN_key.o [1]
    .bss               zero     0x1fff146c   0xa00  VCAN_NRF24L0.o [1]
    .bss               zero     0x1fff1e6c     0x4  VCAN_NRF24L0.o [1]
    .bss               zero     0x1fff1e70     0x4  VCAN_NRF24L0.o [1]
    .bss               zero     0x1fff1e74    0x10  VCAN_NRF24L0_MSG.o [1]
    .bss               zero     0x1fff1e84     0x4  VCAN_OV7725_Eagle.o [1]
    .bss               zero     0x1fff1e88     0x4  VCAN_UI_VAR.o [1]
    .bss               zero     0x1fff1e8c    0x50  xfiles.o [3]
    .bss               zero     0x1fff1edc     0x2  main.o [1]
    .bss               zero     0x1fff1ede     0x2  main.o [1]
    .bss               zero     0x1fff1ee0     0x1  main.o [1]
    .bss               zero     0x1fff1ee1     0x1  VCAN_key.o [1]
    .bss               zero     0x1fff1ee2     0x1  VCAN_key.o [1]
    .bss               zero     0x1fff1ee3     0x1  VCAN_key.o [1]
    .bss               zero     0x1fff1ee4     0x1  VCAN_NRF24L0.o [1]
    .bss               zero     0x1fff1ee5     0x1  VCAN_NRF24L0.o [1]
    .bss               zero     0x1fff1ee6     0x1  VCAN_NRF24L0.o [1]
    .bss               zero     0x1fff1ee7     0x1  VCAN_NRF24L0.o [1]
    .bss               zero     0x1fff1ee8     0x1  VCAN_NRF24L0.o [1]
    .bss               zero     0x1fff1ee9     0x1  VCAN_UI_VAR.o [1]
    .bss               zero     0x1fff1eea     0x1  VCAN_UI_VAR.o [1]
                              - 0x1fff1eeb   0xfbb

"P2", part 3 of 3:                            0x88
  P2 s0                         0x1fff1eec    0x88  <Init block>
    __DLIB_PERTHREAD   inited   0x1fff1eec    0x88  localeconv.o [3]
                              - 0x1fff1f74    0x88


*******************************************************************************
*** INIT TABLE
***

          Address     Size
          -------     ----
Zero (__iar_zero_init3)
    1 destination range, total size 0xfbb:
          0x1fff0f30  0xfbb



*******************************************************************************
*** MODULE SUMMARY
***

    Module                 ro code  rw code  ro data  rw data
    ------                 -------  -------  -------  -------
G:\car\code\mk60\Prj\IAR\FX15_Debug\Obj: [1]
    MK60_PIT.o                 124                40
    MK60_SysTick.o             100                44
    MK60_conf.o                320             1 951    1 800
    MK60_dma.o                 644                40
    MK60_flash.o                        400      440
    MK60_flexbus.o             276
    MK60_gpio.o                412                60       20
    MK60_mcg.o                 980       80      172       92
    MK60_port.o                176                20       20
    MK60_spi.o               1 644               120       12
    MK60_uart.o                608                64       24
    MK60_wdog.o                 64
    VCAN_ASCII.o                               1 536
    VCAN_LCD.o                 688                 8
    VCAN_LCD_ILI9341.o       1 460                 5        5
    VCAN_LED.o                 172                 7        4
    VCAN_NRF24L0.o           1 368                24    2 589
    VCAN_NRF24L0_MSG.o         384                64       16
    VCAN_OV7725_Eagle.o        564               277      106
    VCAN_SCCB.o                866
    VCAN_UI_VAR.o            1 492               215      174
    VCAN_key.o                 544                 8       59
    VCAN_key_event.o           312
    main.o                     612                17    1 290
    misc.o                     204                36
    startup_MK60DZ10.o           8
    system_MK60DZ10.o          304                         12
    vectors.o                                  1 040
    ---------------------------------------------------------
    Total:                  14 326      480    6 188    6 223

command line: [2]
    ---------------------------------------------------------
    Total:

dl7M_tlf.a: [3]
    abs.o                        8
    div.o                       14
    exit.o                       4
    localeconv.o               108               136      136
    low_level_init.o             4
    printf.o                    36
    putchar.o                   12
    xfiles.o                                      64      144
    xprintflarge_nomb.o      3 042
    xprout.o                    22
    xtls.o                       2
    ---------------------------------------------------------
    Total:                   3 252               200      280

m7M_tlv.a: [4]
    DblAdd.o                   212
    DblCmpLe.o                  46
    DblDiv.o                   582
    DblMul.o                   418
    DblSub.o                   384
    DblToI32.o                  44
    I32ToDbl.o                  28
    fpinit_M.o                  26
    xdnorm.o                    66
    ---------------------------------------------------------
    Total:                   1 806

rt7M_tl.a: [5]
    ABImemcpy_unaligned.o      118
    I64DivMod.o                238
    I64DivZer.o                  2
    XXexit.o                    12
    cexit.o                     10
    cmain.o                     26
    cstartup_M.o                12
    data_init.o                 40
    memchr.o                    88
    strchr.o                    22
    strlen.o                    54
    zero_init3.o                34
    ---------------------------------------------------------
    Total:                     656

    Gaps                        26                         12
    Linker created              24       16       32
-------------------------------------------------------------
    Grand Total:            20 090      496    6 420    6 515


*******************************************************************************
*** ENTRY LIST
***

Entry                      Address   Size  Type      Object
-----                      -------   ----  ----      ------
.bss$$Base              0x1fff0f30          --   Gb  - Linker created -
.bss$$Limit             0x1fff1eeb          --   Gb  - Linker created -
.data$$Base             0x1fff0410          --   Gb  - Linker created -
.data$$Limit            0x1fff0d40          --   Gb  - Linker created -
.data_init$$Base        0x000019a8          --   Gb  - Linker created -
.data_init$$Limit       0x000022d8          --   Gb  - Linker created -
?main                   0x00006615         Code  Gb  cmain.o [5]
ASSERT_FAILED_STR       0x0000653c   0x24  Data  Gb  MK60_conf.o [1]
CodeRelocate$$Base      0x00005f9c          --   Gb  - Linker created -
CodeRelocate$$Limit     0x0000618c          --   Gb  - Linker created -
CodeRelocateRam$$Base   0x1fff0d40          --   Gb  - Linker created -
CodeRelocateRam$$Limit  0x1fff0f30          --   Gb  - Linker created -
DMA0_IRQHandler         0x00005b59    0x8  Code  Gb  main.o [1]
GPIOX                   0x1fff0b20   0x14  Data  Gb  MK60_gpio.o [1]
ILI9341_get_h           0x00004d8b    0x6  Code  Gb  VCAN_LCD_ILI9341.o [1]
ILI9341_get_w           0x00004d91    0x6  Code  Gb  VCAN_LCD_ILI9341.o [1]
KEY_PTxn                0x1fff0bc8    0x8  Data  Gb  VCAN_key.o [1]
LCD_ILI9341_dir         0x00004b05  0x1e8  Code  Gb  VCAN_LCD_ILI9341.o [1]
LCD_ILI9341_init        0x000047f9  0x30c  Code  Gb  VCAN_LCD_ILI9341.o [1]
LCD_ILI9341_ptlon       0x00004ced   0x9e  Code  Gb  VCAN_LCD_ILI9341.o [1]
LCD_Img_Binary_Z        0x00004073   0xae  Code  Gb  VCAN_LCD.o [1]
LCD_char                0x00003ed1   0x94  Code  Gb  VCAN_LCD.o [1]
LCD_init                0x00003e71   0x2a  Code  Gb  VCAN_LCD.o [1]
LCD_num_BC              0x00003f75   0xfe  Code  Gb  VCAN_LCD.o [1]
LCD_rectangle           0x00003e9b   0x36  Code  Gb  VCAN_LCD.o [1]
LED_PTxn                0x1fff0bd8    0x4  Data  Gb  VCAN_LED.o [1]
NRF_ISR_RX_FIFO         0x1fff146c  0xa00  Data  Gb  VCAN_NRF24L0.o [1]
NVIC_DisableIRQ         0x00005d7d   0x14  Code  Lc  VCAN_OV7725_Eagle.o [1]
NVIC_EnableIRQ          0x0000596f   0x14  Code  Lc  main.o [1]
NVIC_EnableIRQ          0x00005d69   0x14  Code  Lc  VCAN_OV7725_Eagle.o [1]
NVIC_SetPriority        0x00005983   0x26  Code  Lc  main.o [1]
NVIC_SetPriorityGrouping
                        0x00005951   0x1e  Code  Lc  main.o [1]
NVIC_SystemReset        0x00002a05   0x1a  Code  Lc  MK60_conf.o [1]
PIT0_IRQHandler         0x00005b61   0x14  Code  Gb  main.o [1]
PORTA_IRQHandler        0x00005b11   0x22  Code  Gb  main.o [1]
PORTE_IRQHandler        0x00005b35   0x22  Code  Gb  main.o [1]
PORTX                   0x1fff0b90   0x14  Data  Gb  MK60_port.o [1]
RX_ADDRESS              0x1fff0be4    0x8  Data  Gb  VCAN_NRF24L0.o [1]
Region$$Table$$Base     0x000065a8          --   Gb  - Linker created -
Region$$Table$$Limit    0x000065b8          --   Gb  - Linker created -
Reset_Handler           0x00000411         Code  Gb  startup_MK60DZ10.o [1]
SCCB_Ack                0x0000543d   0x3c  Code  Lc  VCAN_SCCB.o [1]
SCCB_GPIO_init          0x00005383   0x28  Code  Gb  VCAN_SCCB.o [1]
SCCB_NoAck              0x00005479   0x3c  Code  Lc  VCAN_SCCB.o [1]
SCCB_ReadByte           0x00005619   0x2c  Code  Gb  VCAN_SCCB.o [1]
SCCB_ReadByte_one       0x00005645   0x86  Code  Lc  VCAN_SCCB.o [1]
SCCB_ReceiveByte        0x00005545   0x54  Code  Lc  VCAN_SCCB.o [1]
SCCB_SendByte           0x00005501   0x44  Code  Lc  VCAN_SCCB.o [1]
SCCB_Start              0x000053ab   0x5e  Code  Lc  VCAN_SCCB.o [1]
SCCB_Stop               0x00005409   0x34  Code  Lc  VCAN_SCCB.o [1]
SCCB_WaitAck            0x000054b5   0x4c  Code  Lc  VCAN_SCCB.o [1]
SCCB_WriteByte          0x000055a9   0x28  Code  Gb  VCAN_SCCB.o [1]
SCCB_WriteByte_one      0x000055d1   0x48  Code  Lc  VCAN_SCCB.o [1]
SCCB_delay              0x00005369   0x1a  Code  Lc  VCAN_SCCB.o [1]
SPIN                    0x1fff0ba4    0xc  Data  Gb  MK60_spi.o [1]
TX_ADDRESS              0x1fff0bdc    0x8  Data  Gb  VCAN_NRF24L0.o [1]
UARTN                   0x1fff0bb0   0x18  Data  Gb  MK60_uart.o [1]
_GenldLargeNoMb         0x00000d7d  0x234  Code  Lc  xprintflarge_nomb.o [3]
_LdtobLargeNoMb         0x00000afd  0x27a  Code  Lc  xprintflarge_nomb.o [3]
_LitobLargeNoMb         0x000009f5  0x106  Code  Lc  xprintflarge_nomb.o [3]
_Locale_aeabi_lconv     0x1fff1f3c   0x38  Data  Gb  localeconv.o [3]
_Locale_lconv           0x1fff1eec   0x50  Data  Gb  localeconv.o [3]
_PrintfLargeNoMb        0x00000419  0x5d6  Code  Gb  xprintflarge_nomb.o [3]
_Prout                  0x00006681   0x16  Code  Gb  xprout.o [3]
_PutcharsLargeNoMb      0x00000fb1   0x2e  Code  Lc  xprintflarge_nomb.o [3]
__BOOT_STACK_ADDRESS {Abs}
                        0x2000fff8          --   Gb  command line/config [2]
__VECTOR_RAM {Abs}      0x1fff0000          --   Gb  command line/config [2]
__VECTOR_TABLE {Abs}    0x00000000          --   Gb  command line/config [2]
__aeabi_cdcmple         0x0000126d         Code  Gb  DblCmpLe.o [4]
__aeabi_d2uiz           0x00001689         Code  Gb  DblToI32.o [4]
__aeabi_ddiv            0x00001441         Code  Gb  DblDiv.o [4]
__aeabi_dmul            0x0000129d         Code  Gb  DblMul.o [4]
__aeabi_dsub            0x000016d1         Code  Gb  DblSub.o [4]
__aeabi_ldiv0           0x000018cd         Code  Gb  I64DivZer.o [5]
__aeabi_ui2d            0x000016b5         Code  Gb  I32ToDbl.o [4]
__aeabi_uldivmod        0x000010c5         Code  Gb  I64DivMod.o [5]
__cmain                 0x00006615         Code  Gb  cmain.o [5]
__code_start__ {Abs}    0x00000410          --   Gb  command line/config [2]
__exit                  0x00006645         Code  Gb  XXexit.o [5]
__iar_Dnorm             0x0000122b   0x42  Code  Gb  xdnorm.o [4]
__iar_Locale_lconv_init
                        0x00001851   0x3a  Code  Gb  localeconv.o [3]
__iar_Memchr            0x0000106d         Code  Gb  memchr.o [5]
__iar_Stdout            0x1fff0d00   0x40  Data  Gb  xfiles.o [3]
__iar_Strchr            0x0000101d         Code  Gb  strchr.o [5]
__iar_d2uiz             0x00001695         Code  Gb  DblToI32.o [4]
__iar_dadd              0x000018d1         Code  Gb  DblAdd.o [4]
__iar_data_init3        0x000064f1   0x28  Code  Gb  data_init.o [5]
__iar_dlib_perthread_access
                        0x000019a5    0x2  Code  Gb  xtls.o [3]
__iar_dsub              0x000016e5         Code  Gb  DblSub.o [4]
__iar_dsubStart         0x000016f7         Code  Gb  DblSub.o [4]
__iar_init_vfp          0x000065f9         Code  Gb  fpinit_M.o [4]
__iar_program_start     0x000066dd         Code  Gb  cstartup_M.o [5]
__iar_ui2d              0x000016b9         Code  Gb  I32ToDbl.o [4]
__iar_unaligned___aeabi_memcpy
                        0x000011b5         Code  Gb  ABImemcpy_unaligned.o [5]
__iar_unaligned___aeabi_memcpy4
                        0x000011d5         Code  Gb  ABImemcpy_unaligned.o [5]
__iar_unaligned___aeabi_memcpy8
                        0x000011d5         Code  Gb  ABImemcpy_unaligned.o [5]
__iar_zero_init3        0x00000ffb   0x22  Code  Gb  zero_init3.o [5]
__low_level_init        0x0000662f    0x4  Code  Gb  low_level_init.o [3]
__vector_table          0x00000000  0x410  Data  Gb  vectors.o [1]
_call_main              0x00006621         Code  Gb  cmain.o [5]
_exit                   0x00006639         Code  Gb  cexit.o [5]
_main                   0x0000662b         Code  Gb  cmain.o [5]
abs                     0x00002b45    0x8  Code  Gb  abs.o [3]
ascii_8x16              0x0000329c  0x600  Data  Gb  VCAN_ASCII.o [1]
assert_failed           0x00002a1f   0x26  Code  Gb  MK60_conf.o [1]
bus_clk_khz             0x1fff1438    0x4  Data  Gb  system_MK60DZ10.o [1]
car_ctrl                0x1fff1ee9    0x1  Data  Lc  VCAN_UI_VAR.o [1]
car_ctrl_get            0x00003e55    0x6  Code  Gb  VCAN_UI_VAR.o [1]
common_startup          0x000061eb   0x98  Code  Gb  system_MK60DZ10.o [1]
core_clk_khz            0x1fff1430    0x4  Data  Gb  system_MK60DZ10.o [1]
core_clk_mhz            0x1fff1434    0x4  Data  Gb  system_MK60DZ10.o [1]
deal_key_event          0x00005bcf  0x11e  Code  Gb  VCAN_key_event.o [1]
default_isr             0x00002af3   0x30  Code  Gb  MK60_conf.o [1]
div                     0x000018bd    0xe  Code  Gb  div.o [3]
dma_gpio_input_init     0x000056cd   0x5c  Code  Lc  MK60_dma.o [1]
dma_portx2buff_init     0x00005729  0x1f4  Code  Gb  MK60_dma.o [1]
exit                    0x00006633    0x4  Code  Gb  exit.o [3]
flash_cmd               0x1fff0d51   0x20  Code  Gb  MK60_flash.o [1]
flash_erase_sector      0x1fff0d95   0x5c  Code  Gb  MK60_flash.o [1]
flash_init              0x1fff0d71   0x24  Code  Gb  MK60_flash.o [1]
flash_write             0x1fff0df1   0xb4  Code  Gb  MK60_flash.o [1]
flexbus_8080_init       0x00004e79  0x114  Code  Gb  MK60_flexbus.o [1]
fputc                   0x00002a45   0x14  Code  Gb  MK60_conf.o [1]
get_key_msg             0x00002fd9   0x62  Code  Gb  VCAN_key.o [1]
get_var                 0x0000395d   0x42  Code  Gb  VCAN_UI_VAR.o [1]
gpio_get                0x00003259   0x3a  Code  Gb  MK60_gpio.o [1]
gpio_init               0x00003101   0xae  Code  Gb  MK60_gpio.o [1]
gpio_set                0x000031af   0x72  Code  Gb  MK60_gpio.o [1]
gpio_turn               0x00003221   0x38  Code  Gb  MK60_gpio.o [1]
ili9341_dir             0x1fff0bd4    0x1  Data  Gb  VCAN_LCD_ILI9341.o [1]
ili9341_h               0x1fff0bd0    0x2  Data  Gb  VCAN_LCD_ILI9341.o [1]
ili9341_w               0x1fff0bd2    0x2  Data  Gb  VCAN_LCD_ILI9341.o [1]
imgbuff                 0x1fff0410    0x4  Data  Gb  main.o [1]
key_IRQHandler          0x0000303b   0xae  Code  Gb  VCAN_key.o [1]
key_check               0x00002f4d   0x2a  Code  Gb  VCAN_key.o [1]
key_event_init          0x00005bb5   0x1a  Code  Gb  VCAN_key_event.o [1]
key_get                 0x00002f33   0x1a  Code  Gb  VCAN_key.o [1]
key_init                0x00002ee1   0x52  Code  Gb  VCAN_key.o [1]
key_msg                 0x1fff143c   0x28  Data  Gb  VCAN_key.o [1]
key_msg_flag            0x1fff1ee3    0x1  Data  Gb  VCAN_key.o [1]
key_msg_front           0x1fff1ee1    0x1  Data  Gb  VCAN_key.o [1]
key_msg_rear            0x1fff1ee2    0x1  Data  Gb  VCAN_key.o [1]
last_tab                0x1fff1e88    0x4  Data  Gb  VCAN_UI_VAR.o [1]
led                     0x00002b87   0x3c  Code  Gb  VCAN_LED.o [1]
led_init                0x00002b4d   0x3a  Code  Gb  VCAN_LED.o [1]
led_turn                0x00002bc3   0x32  Code  Gb  VCAN_LED.o [1]
localeconv              0x0000188b   0x16  Code  Gb  localeconv.o [3]
main                    0x000059a9  0x168  Code  Gb  main.o [1]
mcg_cfg                 0x1fff0b34   0x58  Data  Gb  MK60_mcg.o [1]
mcg_div                 0x1fff0b8c    0x4  Data  Gb  MK60_mcg.o [1]
mcg_div_count           0x00004f95  0x304  Code  Gb  MK60_mcg.o [1]
memchr                  0x0000106d         Code  Gb  memchr.o [5]
new_tab                 0x1fff1eea    0x1  Data  Gb  VCAN_UI_VAR.o [1]
nrf_com_size            0x000066cc   0x10  Data  Gb  VCAN_NRF24L0_MSG.o [1]
nrf_com_totalsize       0x1fff1e74   0x10  Data  Gb  VCAN_NRF24L0_MSG.o [1]
nrf_handler             0x0000463b  0x108  Code  Gb  VCAN_NRF24L0.o [1]
nrf_init                0x000042a1   0xa8  Code  Gb  VCAN_NRF24L0.o [1]
nrf_irq_tx_addr         0x1fff1e6c    0x4  Data  Gb  VCAN_NRF24L0.o [1]
nrf_irq_tx_flag         0x1fff1ee8    0x1  Data  Gb  VCAN_NRF24L0.o [1]
nrf_irq_tx_pnum         0x1fff1e70    0x4  Data  Gb  VCAN_NRF24L0.o [1]
nrf_link_check          0x000043e7   0x78  Code  Gb  VCAN_NRF24L0.o [1]
nrf_mode                0x1fff1ee4    0x1  Data  Gb  VCAN_NRF24L0.o [1]
nrf_msg_init            0x00004121   0x20  Code  Gb  VCAN_NRF24L0_MSG.o [1]
nrf_msg_rx              0x00004191  0x100  Code  Gb  VCAN_NRF24L0_MSG.o [1]
nrf_msg_tx              0x00004141   0x50  Code  Gb  VCAN_NRF24L0_MSG.o [1]
nrf_readbuf             0x000043bf   0x28  Code  Lc  VCAN_NRF24L0.o [1]
nrf_readreg             0x0000436f   0x28  Code  Lc  VCAN_NRF24L0.o [1]
nrf_rx                  0x000044f7   0xca  Code  Gb  VCAN_NRF24L0.o [1]
nrf_rx_buff             0x1fff0f30  0x27c  Data  Gb  main.o [1]
nrf_rx_fifo_check       0x00004743   0x7c  Code  Gb  VCAN_NRF24L0.o [1]
nrf_rx_flag             0x1fff1ee7    0x1  Data  Gb  VCAN_NRF24L0.o [1]
nrf_rx_front            0x1fff1ee5    0x1  Data  Gb  VCAN_NRF24L0.o [1]
nrf_rx_mode             0x0000445f   0x50  Code  Lc  VCAN_NRF24L0.o [1]
nrf_rx_rear             0x1fff1ee6    0x1  Data  Gb  VCAN_NRF24L0.o [1]
nrf_tx                  0x000045c1   0x56  Code  Gb  VCAN_NRF24L0.o [1]
nrf_tx_buff             0x1fff11ac  0x27c  Data  Gb  main.o [1]
nrf_tx_mode             0x000044af   0x48  Code  Lc  VCAN_NRF24L0.o [1]
nrf_tx_state            0x00004617   0x24  Code  Gb  VCAN_NRF24L0.o [1]
nrf_writebuf            0x00004397   0x28  Code  Lc  VCAN_NRF24L0.o [1]
nrf_writereg            0x00004349   0x26  Code  Lc  VCAN_NRF24L0.o [1]
num_info                0x1fff0c74   0x8c  Data  Gb  VCAN_UI_VAR.o [1]
obuf                    0x1fff1e8c   0x50  Data  Lc  xfiles.o [3]
ov7725_eagle_cfgnum     0x1fff0c54    0x1  Data  Gb  VCAN_OV7725_Eagle.o [1]
ov7725_eagle_dma        0x00005e49   0x14  Code  Gb  VCAN_OV7725_Eagle.o [1]
ov7725_eagle_get_img    0x00005e5d   0x42  Code  Gb  VCAN_OV7725_Eagle.o [1]
ov7725_eagle_img_buff   0x1fff1e84    0x4  Data  Gb  VCAN_OV7725_Eagle.o [1]
ov7725_eagle_img_flag   0x1fff0bec    0x1  Data  Gb  VCAN_OV7725_Eagle.o [1]
ov7725_eagle_init       0x00005d91   0x18  Code  Gb  VCAN_OV7725_Eagle.o [1]
ov7725_eagle_port_init  0x00005da9   0x54  Code  Lc  VCAN_OV7725_Eagle.o [1]
ov7725_eagle_reg        0x1fff0bf0   0x64  Data  Gb  VCAN_OV7725_Eagle.o [1]
ov7725_eagle_reg_init   0x00005e9f   0xb0  Code  Lc  VCAN_OV7725_Eagle.o [1]
ov7725_eagle_vsync      0x00005dfd   0x4c  Code  Gb  VCAN_OV7725_Eagle.o [1]
pit_init                0x00005ced   0x6c  Code  Gb  MK60_PIT.o [1]
pll_init                0x00005299   0xb2  Code  Gb  MK60_mcg.o [1]
port_init               0x00002945   0x44  Code  Gb  MK60_port.o [1]
port_init_NoALT         0x00002989   0x62  Code  Gb  MK60_port.o [1]
printf                  0x00002bf9   0x24  Code  Gb  printf.o [3]
putchar                 0x00006699    0xc  Code  Gb  putchar.o [3]
save_var                0x00003905   0x58  Code  Gb  VCAN_UI_VAR.o [1]
save_var2buff           0x00003da3   0x1e  Code  Gb  VCAN_UI_VAR.o [1]
send_key_msg            0x00002f77   0x62  Code  Gb  VCAN_key.o [1]
set_sys_dividers        0x1fff0ee1   0x50  Code  Gb  MK60_mcg.o [1]
set_vector_handler      0x00004dcf   0x22  Code  Gb  misc.o [1]
spi_init                0x000022d9  0x32c  Code  Gb  MK60_spi.o [1]
spi_mosi                0x00002605  0x110  Code  Gb  MK60_spi.o [1]
spi_mosi_cmd            0x00002715  0x20c  Code  Gb  MK60_spi.o [1]
start                   0x0000618d   0x22  Code  Gb  system_MK60DZ10.o [1]
start_check             0x00002a59   0x9a  Code  Gb  MK60_conf.o [1]
strchr                  0x0000101d         Code  Gb  strchr.o [5]
strlen                  0x00001035         Code  Gb  strlen.o [5]
sysinit                 0x000061af   0x3c  Code  Gb  system_MK60DZ10.o [1]
systick_delay           0x00002c1d   0x36  Code  Gb  MK60_SysTick.o [1]
systick_delay_ms        0x00002c53   0x18  Code  Gb  MK60_SysTick.o [1]
uart_init               0x00002c81  0x22c  Code  Gb  MK60_uart.o [1]
uart_putchar            0x00002ead   0x1a  Code  Gb  MK60_uart.o [1]
val_cancel              0x00003c91   0x38  Code  Gb  VCAN_UI_VAR.o [1]
var1                    0x1fff0414    0x1  Data  Gb  main.o [1]
var2                    0x1fff1ee0    0x1  Data  Gb  main.o [1]
var3                    0x1fff1edc    0x2  Data  Gb  main.o [1]
var4                    0x1fff1ede    0x2  Data  Gb  main.o [1]
var5                    0x1fff1428    0x4  Data  Gb  main.o [1]
var6                    0x1fff142c    0x4  Data  Gb  main.o [1]
var_addr                0x1fff0c58   0x1c  Data  Gb  VCAN_UI_VAR.o [1]
var_display             0x00003cc9   0xda  Code  Gb  VCAN_UI_VAR.o [1]
var_init                0x0000389d   0x68  Code  Gb  VCAN_UI_VAR.o [1]
var_ok                  0x00003c4d   0x44  Code  Gb  VCAN_UI_VAR.o [1]
var_select              0x00003ba7   0xa6  Code  Gb  VCAN_UI_VAR.o [1]
var_syn                 0x00003dc1   0x94  Code  Gb  VCAN_UI_VAR.o [1]
var_value               0x0000399f  0x208  Code  Gb  VCAN_UI_VAR.o [1]
vcan_cpy                0x00004dfd   0x7c  Code  Gb  misc.o [1]
vector_str              0x1fff0418  0x708  Data  Gb  MK60_conf.o [1]
wdog_disable            0x000062bd   0x16  Code  Gb  MK60_wdog.o [1]
wdog_unlock             0x000062d3   0x20  Code  Lc  MK60_wdog.o [1]
write_vtor              0x00004dad   0x22  Code  Gb  misc.o [1]


[1] = G:\car\code\mk60\Prj\IAR\FX15_Debug\Obj
[2] = command line
[3] = dl7M_tlf.a
[4] = m7M_tlv.a
[5] = rt7M_tl.a

  20 090 bytes of readonly  code memory
     496 bytes of readwrite code memory
   6 420 bytes of readonly  data memory
   6 515 bytes of readwrite data memory

Errors: none
Warnings: none
