###############################################################################
#
# IAR ELF Linker V7.10.1.6676/W32 for ARM                 21/Nov/2016  10:16:25
# Copyright 2007-2014 IAR Systems AB.
#
#    Output file  =  G:\car\code\mk60\Prj\IAR\FX15_Debug\Exe\vcan_Kinetis.out
#    Map file     =  G:\car\code\mk60\Prj\IAR\FX15_Debug\List\vcan_Kinetis.map
#    Command line =  
#        G:\car\code\mk60\Prj\IAR\FX15_Debug\Obj\analysis.o
#        G:\car\code\mk60\Prj\IAR\FX15_Debug\Obj\diskio.o
#        G:\car\code\mk60\Prj\IAR\FX15_Debug\Obj\ff.o
#        G:\car\code\mk60\Prj\IAR\FX15_Debug\Obj\main.o
#        G:\car\code\mk60\Prj\IAR\FX15_Debug\Obj\misc.o
#        G:\car\code\mk60\Prj\IAR\FX15_Debug\Obj\MK60_adc.o
#        G:\car\code\mk60\Prj\IAR\FX15_Debug\Obj\MK60_can.o
#        G:\car\code\mk60\Prj\IAR\FX15_Debug\Obj\MK60_conf.o
#        G:\car\code\mk60\Prj\IAR\FX15_Debug\Obj\MK60_dac.o
#        G:\car\code\mk60\Prj\IAR\FX15_Debug\Obj\MK60_dma.o
#        G:\car\code\mk60\Prj\IAR\FX15_Debug\Obj\MK60_DWT.o
#        G:\car\code\mk60\Prj\IAR\FX15_Debug\Obj\MK60_flash.o
#        G:\car\code\mk60\Prj\IAR\FX15_Debug\Obj\MK60_flexbus.o
#        G:\car\code\mk60\Prj\IAR\FX15_Debug\Obj\MK60_ftm.o
#        G:\car\code\mk60\Prj\IAR\FX15_Debug\Obj\MK60_gpio.o
#        G:\car\code\mk60\Prj\IAR\FX15_Debug\Obj\MK60_i2c.o
#        G:\car\code\mk60\Prj\IAR\FX15_Debug\Obj\MK60_it.o
#        G:\car\code\mk60\Prj\IAR\FX15_Debug\Obj\MK60_lptmr.o
#        G:\car\code\mk60\Prj\IAR\FX15_Debug\Obj\MK60_mcg.o
#        G:\car\code\mk60\Prj\IAR\FX15_Debug\Obj\MK60_OLED.o
#        G:\car\code\mk60\Prj\IAR\FX15_Debug\Obj\MK60_PIT.o
#        G:\car\code\mk60\Prj\IAR\FX15_Debug\Obj\MK60_port.o
#        G:\car\code\mk60\Prj\IAR\FX15_Debug\Obj\MK60_rtc.o
#        G:\car\code\mk60\Prj\IAR\FX15_Debug\Obj\MK60_sdhc.o
#        G:\car\code\mk60\Prj\IAR\FX15_Debug\Obj\MK60_spi.o
#        G:\car\code\mk60\Prj\IAR\FX15_Debug\Obj\MK60_SysTick.o
#        G:\car\code\mk60\Prj\IAR\FX15_Debug\Obj\MK60_uart.o
#        G:\car\code\mk60\Prj\IAR\FX15_Debug\Obj\MK60_usb.o
#        G:\car\code\mk60\Prj\IAR\FX15_Debug\Obj\MK60_wdog.o
#        G:\car\code\mk60\Prj\IAR\FX15_Debug\Obj\startup_MK60DZ10.o
#        G:\car\code\mk60\Prj\IAR\FX15_Debug\Obj\system_MK60DZ10.o
#        G:\car\code\mk60\Prj\IAR\FX15_Debug\Obj\USB.o
#        G:\car\code\mk60\Prj\IAR\FX15_Debug\Obj\USB_CDC.o
#        G:\car\code\mk60\Prj\IAR\FX15_Debug\Obj\VCAN_ASCII.o
#        G:\car\code\mk60\Prj\IAR\FX15_Debug\Obj\VCAN_BMP.o
#        G:\car\code\mk60\Prj\IAR\FX15_Debug\Obj\vcan_img2sd.o
#        G:\car\code\mk60\Prj\IAR\FX15_Debug\Obj\VCAN_key.o
#        G:\car\code\mk60\Prj\IAR\FX15_Debug\Obj\VCAN_key_event.o
#        G:\car\code\mk60\Prj\IAR\FX15_Debug\Obj\VCAN_LCD.o
#        G:\car\code\mk60\Prj\IAR\FX15_Debug\Obj\VCAN_LCD_CH.o
#        G:\car\code\mk60\Prj\IAR\FX15_Debug\Obj\VCAN_LCD_ILI9341.o
#        G:\car\code\mk60\Prj\IAR\FX15_Debug\Obj\VCAN_LCD_ST7735R.o
#        G:\car\code\mk60\Prj\IAR\FX15_Debug\Obj\VCAN_LCD_ST7735S.o
#        G:\car\code\mk60\Prj\IAR\FX15_Debug\Obj\VCAN_LED.o
#        G:\car\code\mk60\Prj\IAR\FX15_Debug\Obj\VCAN_MMA7455.o
#        G:\car\code\mk60\Prj\IAR\FX15_Debug\Obj\VCAN_NRF24L0.o
#        G:\car\code\mk60\Prj\IAR\FX15_Debug\Obj\VCAN_NRF24L0_MSG.o
#        G:\car\code\mk60\Prj\IAR\FX15_Debug\Obj\VCAN_OV7725_Eagle.o
#        G:\car\code\mk60\Prj\IAR\FX15_Debug\Obj\VCAN_OV7725_Wolf.o
#        G:\car\code\mk60\Prj\IAR\FX15_Debug\Obj\VCAN_RTC_count.o
#        G:\car\code\mk60\Prj\IAR\FX15_Debug\Obj\VCAN_SCCB.o
#        G:\car\code\mk60\Prj\IAR\FX15_Debug\Obj\vcan_sd_app.o
#        G:\car\code\mk60\Prj\IAR\FX15_Debug\Obj\Vcan_touch.o
#        G:\car\code\mk60\Prj\IAR\FX15_Debug\Obj\VCAN_TSL1401.o
#        G:\car\code\mk60\Prj\IAR\FX15_Debug\Obj\VCAN_UI_VAR.o
#        G:\car\code\mk60\Prj\IAR\FX15_Debug\Obj\vectors.o --redirect
#        _Printf=_PrintfLargeNoMb --redirect _Scanf=_ScanfLargeNoMb -o
#        G:\car\code\mk60\Prj\IAR\FX15_Debug\Exe\vcan_Kinetis.out --map
#        G:\car\code\mk60\Prj\IAR\FX15_Debug\List\vcan_Kinetis.map --config
#        "G:\car\code\mk60\Prj\IAR\config files\vcan_ROM_K60X512.icf"
#        G:\car\code\mk60\Prj\IAR\..\..\Lib\CMSIS\iar_cortexM4l_math.a --entry
#        __iar_program_start --redirect __write=__write_buffered --vfe
#
###############################################################################

*******************************************************************************
*** RUNTIME MODEL ATTRIBUTES
***

CppFlavor       = *
__SystemLibrary = DLib


*******************************************************************************
*** PLACEMENT SUMMARY
***

"A1":  place at 0x00000000 { ro section .intvec };
"A2":  place at 0x00000410 { ro section .noinit };
"P1":  place in [from 0x00000000 to 0x00080000] |
                [from 0x10000000 to 0x1007ffff] { ro, block CodeRelocate };
"P2":  place in [from 0x1fff0410 to 0x20010000] {
          rw, block CodeRelocateRam, block CSTACK, block HEAP };

  Section              Kind        Address    Size  Object
  -------              ----        -------    ----  ------
"A1":                                        0x410
  .intvec              const    0x00000000   0x410  vectors.o [1]
                              - 0x00000410   0x410

"P1", part 1 of 2:                             0x0
  .rodata              const    0x00000410     0x0  zero_init3.o [5]

"A2":                                          0x8
  .noinit              ro code  0x00000410     0x8  startup_MK60DZ10.o [1]
                              - 0x00000418     0x8

"P1", part 2 of 2:                          0x3ecc
  .text                ro code  0x00000418   0xbe2  xprintflarge_nomb.o [3]
  .text                ro code  0x00000ffa    0x22  zero_init3.o [5]
  .text                ro code  0x0000101c    0x16  strchr.o [5]
  .text                ro code  0x00001034    0x36  strlen.o [5]
  .text                ro code  0x0000106c    0x58  memchr.o [5]
  .text                ro code  0x000010c4    0xee  I64DivMod.o [5]
  .text                ro code  0x000011b4    0x76  ABImemcpy_unaligned.o [5]
  .text                ro code  0x0000122a    0x42  xdnorm.o [4]
  .text                ro code  0x0000126c    0x2e  DblCmpLe.o [4]
  .text                ro code  0x0000129c   0x1a2  DblMul.o [4]
  .text                ro code  0x00001440   0x246  DblDiv.o [4]
  .text                ro code  0x00001688    0x58  DblToI32.o [4]
  .text                ro code  0x000016e0    0x1c  I32ToDbl.o [4]
  .text                ro code  0x000016fc   0x180  DblSub.o [4]
  .text                ro code  0x0000187c    0x6c  localeconv.o [3]
  .text                ro code  0x000018e8     0xe  div.o [3]
  .text                ro code  0x000018f8     0x2  I64DivZer.o [5]
  .text                ro code  0x000018fc    0xd4  DblAdd.o [4]
  .text                ro code  0x000019d0     0x2  xtls.o [3]
  .data_init                    0x000019d4   0x800  <Block>
    Initializer bytes  ro data  0x000019d4   0x800  <for .data-1>
  .text                ro code  0x000021d4   0x6cc  MK60_OLED.o [1]
  .text                ro code  0x000028a0   0x19c  MK60_gpio.o [1]
  .text                ro code  0x00002a3c    0x64  MK60_SysTick.o [1]
  .text                ro code  0x00002aa0    0x4e  FltToDbl.o [4]
  .text                ro code  0x00002af0    0x6e  floor.o [4]
  .text                ro code  0x00002b60    0x9c  VCAN_key.o [1]
  .text                ro code  0x00002bfc    0xb0  MK60_port.o [1]
  Veneer               ro code  0x00002cac     0x8  - Linker created -
  Veneer               ro code  0x00002cb4     0x8  - Linker created -
  .text                ro code  0x00002cbc   0x140  MK60_conf.o [1]
  .text                ro code  0x00002dfc    0x70  VCAN_LED.o [1]
  .text                ro code  0x00002e6c    0x24  printf.o [3]
  .text                ro code  0x00002e90   0x264  MK60_uart.o [1]
  .text                ro code  0x000030f4   0x48c  MK60_ftm.o [1]
  Veneer               ro code  0x00003580     0x8  - Linker created -
  .text                ro code  0x00003588   0x3d4  MK60_mcg.o [1]
  .rodata              const    0x0000395c   0x228  MK60_OLED.o [1]
  CodeRelocate                  0x00003b84   0x1f0  <Block>
    Initializer bytes  ro data  0x00003b84   0x1f0  <for CodeRelocateRam-1>
  .text                ro code  0x00003d74   0x130  system_MK60DZ10.o [1]
  .text                ro code  0x00003ea4    0x40  MK60_wdog.o [1]
  .text                ro code  0x00003ee4    0x9c  main.o [1]
  .text                ro code  0x00003f80    0x2c  misc.o [1]
  .rodata              const    0x00003fac    0x3c  MK60_conf.o [1]
  .rodata              const    0x00003fe8    0x2c  MK60_SysTick.o [1]
  .rodata              const    0x00004014    0x28  MK60_flash.o [1]
  .rodata              const    0x0000403c    0x28  MK60_ftm.o [1]
  .rodata              const    0x00004064    0x28  MK60_gpio.o [1]
  .rodata              const    0x0000408c    0x28  MK60_uart.o [1]
  .text                ro code  0x000040b4    0x28  data_init.o [5]
  .rodata              const    0x000040dc    0x24  misc.o [1]
  .rodata              const    0x00004100    0x24  MK60_conf.o [1]
  .iar.init_table      const    0x00004124    0x10  - Linker created -
  .rodata              const    0x00004134    0x20  MK60_conf.o [1]
  .rodata              const    0x00004154    0x1c  main.o [1]
  .text                ro code  0x00004170    0x1a  fpinit_M.o [4]
  .text                ro code  0x0000418c    0x1a  cmain.o [5]
  .text                ro code  0x000041a6     0x4  low_level_init.o [3]
  .text                ro code  0x000041aa     0x4  exit.o [3]
  .text                ro code  0x000041b0     0xa  cexit.o [5]
  .text                ro code  0x000041bc     0xc  XXexit.o [5]
  .text                ro code  0x000041c8    0x16  xprout.o [3]
  .text                ro code  0x000041e0     0xc  putchar.o [3]
  .rodata              const    0x000041ec    0x14  MK60_conf.o [1]
  .rodata              const    0x00004200     0xc  MK60_OLED.o [1]
  .rodata              const    0x0000420c     0xc  MK60_OLED.o [1]
  .rodata              const    0x00004218     0xc  MK60_OLED.o [1]
  .rodata              const    0x00004224     0xc  MK60_OLED.o [1]
  .text                ro code  0x00004230     0xc  cstartup_M.o [5]
  .rodata              const    0x0000423c     0x8  MK60_OLED.o [1]
  .rodata              const    0x00004244     0x8  MK60_OLED.o [1]
  .rodata              const    0x0000424c     0x8  MK60_OLED.o [1]
  .rodata              const    0x00004254     0x8  MK60_OLED.o [1]
  Initializer bytes    ro data  0x0000425c    0x88  <for P2 s0>
                              - 0x000042e4  0x3ecc

"P2", part 1 of 3:                           0x9f0
  .data                         0x1fff0410   0x800  <Block>
    .data-1                     0x1fff0410   0x800  <Init block>
      .data            inited   0x1fff0410   0x708  MK60_conf.o [1]
      .data            inited   0x1fff0b18    0x10  MK60_ftm.o [1]
      .data            inited   0x1fff0b28    0x14  MK60_gpio.o [1]
      .data            inited   0x1fff0b3c    0x58  MK60_mcg.o [1]
      .data            inited   0x1fff0b94     0x4  MK60_mcg.o [1]
      .data            inited   0x1fff0b98    0x14  MK60_port.o [1]
      .data            inited   0x1fff0bac    0x18  MK60_uart.o [1]
      .data            inited   0x1fff0bc4     0x8  VCAN_key.o [1]
      .data            inited   0x1fff0bcc     0x4  VCAN_LED.o [1]
      .data            inited   0x1fff0bd0    0x40  xfiles.o [3]
  CodeRelocateRam               0x1fff0c10   0x1f0  <Block>
    CodeRelocateRam-1           0x1fff0c10   0x1f0  <Init block>
      Veneer           inited   0x1fff0c10     0x8  - Linker created -
      Veneer           inited   0x1fff0c18     0x8  - Linker created -
      .textrw          inited   0x1fff0c20   0x190  MK60_flash.o [1]
      .textrw          inited   0x1fff0db0    0x50  MK60_mcg.o [1]
                              - 0x1fff0e00   0x9f0

"P2", part 2 of 3:                            0x5c
  .bss                          0x1fff0e00    0x5c  <Block>
    .bss               zero     0x1fff0e00     0x4  system_MK60DZ10.o [1]
    .bss               zero     0x1fff0e04     0x4  system_MK60DZ10.o [1]
    .bss               zero     0x1fff0e08     0x4  system_MK60DZ10.o [1]
    .bss               zero     0x1fff0e0c    0x50  xfiles.o [3]
                              - 0x1fff0e5c    0x5c

"P2", part 3 of 3:                            0x88
  P2 s0                         0x1fff0e5c    0x88  <Init block>
    __DLIB_PERTHREAD   inited   0x1fff0e5c    0x88  localeconv.o [3]
                              - 0x1fff0ee4    0x88


*******************************************************************************
*** INIT TABLE
***

          Address     Size
          -------     ----
Zero (__iar_zero_init3)
    1 destination range, total size 0x5c:
          0x1fff0e00  0x5c



*******************************************************************************
*** MODULE SUMMARY
***

    Module                 ro code  rw code  ro data  rw data
    ------                 -------  -------  -------  -------
G:\car\code\mk60\Prj\IAR\FX15_Debug\Obj: [1]
    MK60_OLED.o              1 740               632
    MK60_SysTick.o             100                44
    MK60_conf.o                320             1 948    1 800
    MK60_flash.o                        400      440
    MK60_ftm.o               1 164                56       16
    MK60_gpio.o                412                60       20
    MK60_mcg.o                 980       80      172       92
    MK60_port.o                176                20       20
    MK60_uart.o                612                64       24
    MK60_wdog.o                 64
    VCAN_LED.o                 112                 4        4
    VCAN_key.o                 156                 8        8
    main.o                     156                28
    misc.o                      44                36
    startup_MK60DZ10.o           8
    system_MK60DZ10.o          304                         12
    vectors.o                                  1 040
    ---------------------------------------------------------
    Total:                   6 348      480    4 552    1 996

command line: [2]
    ---------------------------------------------------------
    Total:

dl7M_tlf.a: [3]
    div.o                       14
    exit.o                       4
    localeconv.o               108               136      136
    low_level_init.o             4
    printf.o                    36
    putchar.o                   12
    xfiles.o                                      64      144
    xprintflarge_nomb.o      3 042
    xprout.o                    22
    xtls.o                       2
    ---------------------------------------------------------
    Total:                   3 244               200      280

m7M_tlv.a: [4]
    DblAdd.o                   212
    DblCmpLe.o                  46
    DblDiv.o                   582
    DblMul.o                   418
    DblSub.o                   384
    DblToI32.o                  88
    FltToDbl.o                  78
    I32ToDbl.o                  28
    floor.o                    110
    fpinit_M.o                  26
    xdnorm.o                    66
    ---------------------------------------------------------
    Total:                   2 038

rt7M_tl.a: [5]
    ABImemcpy_unaligned.o      118
    I64DivMod.o                238
    I64DivZer.o                  2
    XXexit.o                    12
    cexit.o                     10
    cmain.o                     26
    cstartup_M.o                12
    data_init.o                 40
    memchr.o                    88
    strchr.o                    22
    strlen.o                    54
    zero_init3.o                34
    ---------------------------------------------------------
    Total:                     656

    Gaps                        28
    Linker created              24       16       32
-------------------------------------------------------------
    Grand Total:            12 338      496    4 784    2 276


*******************************************************************************
*** ENTRY LIST
***

Entry                      Address   Size  Type      Object
-----                      -------   ----  ----      ------
.bss$$Base              0x1fff0e00          --   Gb  - Linker created -
.bss$$Limit             0x1fff0e5c          --   Gb  - Linker created -
.data$$Base             0x1fff0410          --   Gb  - Linker created -
.data$$Limit            0x1fff0c10          --   Gb  - Linker created -
.data_init$$Base        0x000019d4          --   Gb  - Linker created -
.data_init$$Limit       0x000021d4          --   Gb  - Linker created -
?main                   0x0000418d         Code  Gb  cmain.o [5]
ASSERT_FAILED_STR       0x00004100   0x24  Data  Gb  MK60_conf.o [1]
CodeRelocate$$Base      0x00003b84          --   Gb  - Linker created -
CodeRelocate$$Limit     0x00003d74          --   Gb  - Linker created -
CodeRelocateRam$$Base   0x1fff0c10          --   Gb  - Linker created -
CodeRelocateRam$$Limit  0x1fff0e00          --   Gb  - Linker created -
Display_Page1           0x000027bb   0xba  Code  Gb  MK60_OLED.o [1]
F6x8                    0x0000395c  0x228  Data  Gb  MK60_OLED.o [1]
FTMN                    0x1fff0b18   0x10  Data  Gb  MK60_ftm.o [1]
FTM_port_mux            0x000030f5  0x1ac  Code  Lc  MK60_ftm.o [1]
GPIOX                   0x1fff0b28   0x14  Data  Gb  MK60_gpio.o [1]
KEY_PTxn                0x1fff0bc4    0x8  Data  Gb  VCAN_key.o [1]
LED_PTxn                0x1fff0bcc    0x4  Data  Gb  VCAN_LED.o [1]
NVIC_SystemReset        0x00002cbd   0x1a  Code  Lc  MK60_conf.o [1]
OLED_6x8                0x00002407   0x7c  Code  Gb  MK60_OLED.o [1]
OLED_Fill               0x000022b7   0x40  Code  Gb  MK60_OLED.o [1]
OLED_Init               0x000022f7  0x110  Code  Gb  MK60_OLED.o [1]
OLED_Setxy              0x00002261   0x2e  Code  Gb  MK60_OLED.o [1]
OLED_WRCMD              0x000021d5   0x46  Code  Gb  MK60_OLED.o [1]
OLED_WRDATA             0x0000221b   0x46  Code  Gb  MK60_OLED.o [1]
OLED_xiaoshu            0x0000248d  0x304  Code  Gb  MK60_OLED.o [1]
Oled_Menu_init          0x00002795   0x26  Code  Gb  MK60_OLED.o [1]
PORTX                   0x1fff0b98   0x14  Data  Gb  MK60_port.o [1]
Region$$Table$$Base     0x00004124          --   Gb  - Linker created -
Region$$Table$$Limit    0x00004134          --   Gb  - Linker created -
Reset_Handler           0x00000411         Code  Gb  startup_MK60DZ10.o [1]
UARTN                   0x1fff0bac   0x18  Data  Gb  MK60_uart.o [1]
_GenldLargeNoMb         0x00000d7d  0x234  Code  Lc  xprintflarge_nomb.o [3]
_LdtobLargeNoMb         0x00000afd  0x27a  Code  Lc  xprintflarge_nomb.o [3]
_LitobLargeNoMb         0x000009f5  0x106  Code  Lc  xprintflarge_nomb.o [3]
_Locale_aeabi_lconv     0x1fff0eac   0x38  Data  Gb  localeconv.o [3]
_Locale_lconv           0x1fff0e5c   0x50  Data  Gb  localeconv.o [3]
_PrintfLargeNoMb        0x00000419  0x5d6  Code  Gb  xprintflarge_nomb.o [3]
_Prout                  0x000041c9   0x16  Code  Gb  xprout.o [3]
_PutcharsLargeNoMb      0x00000fb1   0x2e  Code  Lc  xprintflarge_nomb.o [3]
__BOOT_STACK_ADDRESS {Abs}
                        0x2000fff8          --   Gb  command line/config [2]
__VECTOR_RAM {Abs}      0x1fff0000          --   Gb  command line/config [2]
__VECTOR_TABLE {Abs}    0x00000000          --   Gb  command line/config [2]
__aeabi_cdcmple         0x0000126d         Code  Gb  DblCmpLe.o [4]
__aeabi_d2iz            0x00001689         Code  Gb  DblToI32.o [4]
__aeabi_d2uiz           0x000016b5         Code  Gb  DblToI32.o [4]
__aeabi_ddiv            0x00001441         Code  Gb  DblDiv.o [4]
__aeabi_dmul            0x0000129d         Code  Gb  DblMul.o [4]
__aeabi_dsub            0x000016fd         Code  Gb  DblSub.o [4]
__aeabi_f2d             0x00002aa1         Code  Gb  FltToDbl.o [4]
__aeabi_ldiv0           0x000018f9         Code  Gb  I64DivZer.o [5]
__aeabi_ui2d            0x000016e1         Code  Gb  I32ToDbl.o [4]
__aeabi_uldivmod        0x000010c5         Code  Gb  I64DivMod.o [5]
__cmain                 0x0000418d         Code  Gb  cmain.o [5]
__code_start__ {Abs}    0x00000410          --   Gb  command line/config [2]
__exit                  0x000041bd         Code  Gb  XXexit.o [5]
__iar_Dnorm             0x0000122b   0x42  Code  Gb  xdnorm.o [4]
__iar_Locale_lconv_init
                        0x0000187d   0x3a  Code  Gb  localeconv.o [3]
__iar_Memchr            0x0000106d         Code  Gb  memchr.o [5]
__iar_Stdout            0x1fff0bd0   0x40  Data  Gb  xfiles.o [3]
__iar_Strchr            0x0000101d         Code  Gb  strchr.o [5]
__iar_d2uiz             0x000016c1         Code  Gb  DblToI32.o [4]
__iar_dadd              0x000018fd         Code  Gb  DblAdd.o [4]
__iar_data_init3        0x000040b5   0x28  Code  Gb  data_init.o [5]
__iar_dlib_perthread_access
                        0x000019d1    0x2  Code  Gb  xtls.o [3]
__iar_dsub              0x00001711         Code  Gb  DblSub.o [4]
__iar_dsubStart         0x00001723         Code  Gb  DblSub.o [4]
__iar_floor             0x00002b01         Code  Gb  floor.o [4]
__iar_floorl            0x00002b01         Code  Gb  floor.o [4]
__iar_init_vfp          0x00004171         Code  Gb  fpinit_M.o [4]
__iar_program_start     0x00004231         Code  Gb  cstartup_M.o [5]
__iar_ui2d              0x000016e5         Code  Gb  I32ToDbl.o [4]
__iar_unaligned___aeabi_memcpy
                        0x000011b5         Code  Gb  ABImemcpy_unaligned.o [5]
__iar_unaligned___aeabi_memcpy4
                        0x000011d5         Code  Gb  ABImemcpy_unaligned.o [5]
__iar_unaligned___aeabi_memcpy8
                        0x000011d5         Code  Gb  ABImemcpy_unaligned.o [5]
__iar_vfp_floor         0x00002af1         Code  Gb  floor.o [4]
__iar_vfp_floorl        0x00002af1         Code  Gb  floor.o [4]
__iar_zero_init3        0x00000ffb   0x22  Code  Gb  zero_init3.o [5]
__low_level_init        0x000041a7    0x4  Code  Gb  low_level_init.o [3]
__vector_table          0x00000000  0x410  Data  Gb  vectors.o [1]
_call_main              0x00004199         Code  Gb  cmain.o [5]
_exit                   0x000041b1         Code  Gb  cexit.o [5]
_main                   0x000041a3         Code  Gb  cmain.o [5]
assert_failed           0x00002cd7   0x26  Code  Gb  MK60_conf.o [1]
bus_clk_khz             0x1fff0e08    0x4  Data  Gb  system_MK60DZ10.o [1]
common_startup          0x00003dd3   0x98  Code  Gb  system_MK60DZ10.o [1]
core_clk_khz            0x1fff0e00    0x4  Data  Gb  system_MK60DZ10.o [1]
core_clk_mhz            0x1fff0e04    0x4  Data  Gb  system_MK60DZ10.o [1]
default_isr             0x00002dab   0x30  Code  Gb  MK60_conf.o [1]
div                     0x000018e9    0xe  Code  Gb  div.o [3]
exit                    0x000041ab    0x4  Code  Gb  exit.o [3]
flash_cmd               0x1fff0c21   0x20  Code  Gb  MK60_flash.o [1]
flash_erase_sector      0x1fff0c65   0x5c  Code  Gb  MK60_flash.o [1]
flash_init              0x1fff0c41   0x24  Code  Gb  MK60_flash.o [1]
flash_write             0x1fff0cc1   0xb4  Code  Gb  MK60_flash.o [1]
floor                   0x00002b01         Code  Gb  floor.o [4]
floorl                  0x00002b01         Code  Gb  floor.o [4]
fputc                   0x00002cfd   0x14  Code  Gb  MK60_conf.o [1]
ftm_pwm_duty            0x00003441  0x12c  Code  Gb  MK60_ftm.o [1]
ftm_pwm_init            0x000032a1  0x1a0  Code  Gb  MK60_ftm.o [1]
gpio_get                0x000029f9   0x3a  Code  Gb  MK60_gpio.o [1]
gpio_init               0x000028a1   0xae  Code  Gb  MK60_gpio.o [1]
gpio_set                0x0000294f   0x72  Code  Gb  MK60_gpio.o [1]
gpio_turn               0x000029c1   0x38  Code  Gb  MK60_gpio.o [1]
key_check               0x00002bcd   0x2a  Code  Gb  VCAN_key.o [1]
key_get                 0x00002bb3   0x1a  Code  Gb  VCAN_key.o [1]
key_init                0x00002b61   0x52  Code  Gb  VCAN_key.o [1]
led_init                0x00002dfd   0x3a  Code  Gb  VCAN_LED.o [1]
led_turn                0x00002e37   0x32  Code  Gb  VCAN_LED.o [1]
localeconv              0x000018b7   0x16  Code  Gb  localeconv.o [3]
main                    0x00003ee5   0x96  Code  Gb  main.o [1]
mcg_cfg                 0x1fff0b3c   0x58  Data  Gb  MK60_mcg.o [1]
mcg_div                 0x1fff0b94    0x4  Data  Gb  MK60_mcg.o [1]
mcg_div_count           0x00003589  0x304  Code  Gb  MK60_mcg.o [1]
memchr                  0x0000106d         Code  Gb  memchr.o [5]
obuf                    0x1fff0e0c   0x50  Data  Lc  xfiles.o [3]
pll_init                0x0000388d   0xb2  Code  Gb  MK60_mcg.o [1]
port_init               0x00002bfd   0x44  Code  Gb  MK60_port.o [1]
port_init_NoALT         0x00002c41   0x62  Code  Gb  MK60_port.o [1]
printf                  0x00002e6d   0x24  Code  Gb  printf.o [3]
putchar                 0x000041e1    0xc  Code  Gb  putchar.o [3]
set_sys_dividers        0x1fff0db1   0x50  Code  Gb  MK60_mcg.o [1]
set_xy                  0x0000228f   0x28  Code  Gb  MK60_OLED.o [1]
start                   0x00003d75   0x22  Code  Gb  system_MK60DZ10.o [1]
start_check             0x00002d11   0x9a  Code  Gb  MK60_conf.o [1]
strchr                  0x0000101d         Code  Gb  strchr.o [5]
strlen                  0x00001035         Code  Gb  strlen.o [5]
sysinit                 0x00003d97   0x3c  Code  Gb  system_MK60DZ10.o [1]
systick_delay           0x00002a3d   0x36  Code  Gb  MK60_SysTick.o [1]
systick_delay_ms        0x00002a73   0x18  Code  Gb  MK60_SysTick.o [1]
uart_init               0x00002e91  0x22c  Code  Gb  MK60_uart.o [1]
uart_putchar            0x000030bd   0x1e  Code  Gb  MK60_uart.o [1]
vector_str              0x1fff0410  0x708  Data  Gb  MK60_conf.o [1]
wdog_disable            0x00003ea5   0x16  Code  Gb  MK60_wdog.o [1]
wdog_unlock             0x00003ebb   0x20  Code  Lc  MK60_wdog.o [1]
write_vtor              0x00003f81   0x22  Code  Gb  misc.o [1]


[1] = G:\car\code\mk60\Prj\IAR\FX15_Debug\Obj
[2] = command line
[3] = dl7M_tlf.a
[4] = m7M_tlv.a
[5] = rt7M_tl.a

  12 338 bytes of readonly  code memory
     496 bytes of readwrite code memory
   4 784 bytes of readonly  data memory
   2 276 bytes of readwrite data memory

Errors: none
Warnings: none
